// Jest Snapshot v1, https://jestjs.io/docs/snapshot-testing

exports[`TypingIndicator Snapshot test should match snapshot when not visible 1`] = `null`;

exports[`TypingIndicator Snapshot test should match snapshot when visible 1`] = `
<div
  animate="animate"
  aria-label="AI Assistant is typing"
  aria-live="polite"
  class="flex items-center space-x-1 px-4 py-2 bg-slate-100 dark:bg-slate-800 rounded-2xl w-fit "
  exit="exit"
  initial="initial"
  role="status"
  transition="[object Object]"
  variants="[object Object]"
>
  <span
    class="sr-only"
  >
    AI Assistant
     is typing...
  </span>
  <div
    aria-hidden="true"
    class="flex items-center space-x-1"
  >
    <span
      animate="animate"
      class="w-2 h-2 bg-slate-500 dark:bg-slate-400 rounded-full"
      initial="initial"
      transition="[object Object]"
      variants="[object Object]"
    />
    <span
      animate="animate"
      class="w-2 h-2 bg-slate-500 dark:bg-slate-400 rounded-full"
      initial="initial"
      transition="[object Object]"
      variants="[object Object]"
    />
    <span
      animate="animate"
      class="w-2 h-2 bg-slate-500 dark:bg-slate-400 rounded-full"
      initial="initial"
      transition="[object Object]"
      variants="[object Object]"
    />
  </div>
</div>
`;
